[    0.000000] Initializing cgroup subsys cpuset
[    0.000000] Initializing cgroup subsys cpu
[    0.000000] Initializing cgroup subsys cpuacct
[    0.000000] Linux version 4.4.0-142-generic (buildd@lgw01-amd64-033) (gcc version 5.4.0 20160609 (Ubuntu 5.4.0-6ubuntu1~16.04.10) ) #168-Ubuntu SMP Wed Jan 16 21:00:45 UTC 2019 (Ubuntu 4.4.0-142.168-generic 4.4.167)
[    0.000000] Command line: BOOT_IMAGE=/boot/vmlinuz-4.4.0-142-generic root=LABEL=cloudimg-rootfs ro console=tty1 console=ttyS0
[    0.000000] KERNEL supported cpus:
[    0.000000]   Intel GenuineIntel
[    0.000000]   AMD AuthenticAMD
[    0.000000]   Centaur CentaurHauls
[    0.000000] x86/fpu: xstate_offset[2]:  576, xstate_sizes[2]:  256
[    0.000000] x86/fpu: Supporting XSAVE feature 0x01: 'x87 floating point registers'
[    0.000000] x86/fpu: Supporting XSAVE feature 0x02: 'SSE registers'
[    0.000000] x86/fpu: Supporting XSAVE feature 0x04: 'AVX registers'
[    0.000000] x86/fpu: Enabled xstate features 0x7, context size is 832 bytes, using 'standard' format.
[    0.000000] e820: BIOS-provided physical RAM map:
[    0.000000] BIOS-e820: [mem 0x0000000000000000-0x000000000009fbff] usable
[    0.000000] BIOS-e820: [mem 0x000000000009fc00-0x000000000009ffff] reserved
[    0.000000] BIOS-e820: [mem 0x00000000000f0000-0x00000000000fffff] reserved
[    0.000000] BIOS-e820: [mem 0x0000000000100000-0x00000000dffeffff] usable
[    0.000000] BIOS-e820: [mem 0x00000000dfff0000-0x00000000dfffffff] ACPI data
[    0.000000] BIOS-e820: [mem 0x00000000fec00000-0x00000000fec00fff] reserved
[    0.000000] BIOS-e820: [mem 0x00000000fee00000-0x00000000fee00fff] reserved
[    0.000000] BIOS-e820: [mem 0x00000000fffc0000-0x00000000ffffffff] reserved
[    0.000000] BIOS-e820: [mem 0x0000000100000000-0x000000021fffffff] usable
[    0.000000] NX (Execute Disable) protection: active
[    0.000000] SMBIOS 2.5 present.
[    0.000000] Hypervisor detected: KVM
[    0.000000] e820: last_pfn = 0x220000 max_arch_pfn = 0x400000000
[    0.000000] MTRR: Disabled
[    0.000000] x86/PAT: MTRRs disabled, skipping PAT initialization too.
[    0.000000] CPU MTRRs all blank - virtualized system.
[    0.000000] x86/PAT: Configuration [0-7]: WB  WT  UC- UC  WB  WT  UC- UC  
[    0.000000] e820: last_pfn = 0xdfff0 max_arch_pfn = 0x400000000
[    0.000000] found SMP MP-table at [mem 0x0009fff0-0x0009ffff] mapped at [ffff88000009fff0]
[    0.000000] Scanning 1 areas for low memory corruption
[    0.000000] RAMDISK: [mem 0x36306000-0x3717afff]
[    0.000000] ACPI: Early table checksum verification disabled
[    0.000000] ACPI: RSDP 0x00000000000E0000 000024 (v02 VBOX  )
[    0.000000] ACPI: XSDT 0x00000000DFFF0030 00003C (v01 VBOX   VBOXXSDT 00000001 ASL  00000061)
[    0.000000] ACPI: FACP 0x00000000DFFF00F0 0000F4 (v04 VBOX   VBOXFACP 00000001 ASL  00000061)
[    0.000000] ACPI: DSDT 0x00000000DFFF0470 0022EA (v02 VBOX   VBOXBIOS 00000002 INTL 20100528)
[    0.000000] ACPI: FACS 0x00000000DFFF0200 000040
[    0.000000] ACPI: FACS 0x00000000DFFF0200 000040
[    0.000000] ACPI: APIC 0x00000000DFFF0240 00005C (v02 VBOX   VBOXAPIC 00000001 ASL  00000061)
[    0.000000] ACPI: SSDT 0x00000000DFFF02A0 0001CC (v01 VBOX   VBOXCPUT 00000002 INTL 20100528)
[    0.000000] No NUMA configuration found
[    0.000000] Faking a node at [mem 0x0000000000000000-0x000000021fffffff]
[    0.000000] NODE_DATA(0) allocated [mem 0x21fff5000-0x21fff9fff]
[    0.000000] kvm-clock: Using msrs 4b564d01 and 4b564d00
[    0.000000] kvm-clock: cpu 0, msr 2:1ffed001, primary cpu clock
[    0.000000] kvm-clock: using sched offset of 3499271063 cycles
[    0.000000] clocksource: kvm-clock: mask: 0xffffffffffffffff max_cycles: 0x1cd42e4dffb, max_idle_ns: 881590591483 ns
[    0.000000] Zone ranges:
[    0.000000]   DMA      [mem 0x0000000000001000-0x0000000000ffffff]
[    0.000000]   DMA32    [mem 0x0000000001000000-0x00000000ffffffff]
[    0.000000]   Normal   [mem 0x0000000100000000-0x000000021fffffff]
[    0.000000]   Device   empty
[    0.000000] Movable zone start for each node
[    0.000000] Early memory node ranges
[    0.000000]   node   0: [mem 0x0000000000001000-0x000000000009efff]
[    0.000000]   node   0: [mem 0x0000000000100000-0x00000000dffeffff]
[    0.000000]   node   0: [mem 0x0000000100000000-0x000000021fffffff]
[    0.000000] Initmem setup node 0 [mem 0x0000000000001000-0x000000021fffffff]
[    0.000000] ACPI: PM-Timer IO Port: 0x4008
[    0.000000] IOAPIC[0]: apic_id 2, version 32, address 0xfec00000, GSI 0-23
[    0.000000] ACPI: INT_SRC_OVR (bus 0 bus_irq 0 global_irq 2 dfl dfl)
[    0.000000] ACPI: INT_SRC_OVR (bus 0 bus_irq 9 global_irq 9 low level)
[    0.000000] Using ACPI (MADT) for SMP configuration information
[    0.000000] smpboot: Allowing 2 CPUs, 0 hotplug CPUs
[    0.000000] PM: Registered nosave memory: [mem 0x00000000-0x00000fff]
[    0.000000] PM: Registered nosave memory: [mem 0x0009f000-0x0009ffff]
[    0.000000] PM: Registered nosave memory: [mem 0x000a0000-0x000effff]
[    0.000000] PM: Registered nosave memory: [mem 0x000f0000-0x000fffff]
[    0.000000] PM: Registered nosave memory: [mem 0xdfff0000-0xdfffffff]
[    0.000000] PM: Registered nosave memory: [mem 0xe0000000-0xfebfffff]
[    0.000000] PM: Registered nosave memory: [mem 0xfec00000-0xfec00fff]
[    0.000000] PM: Registered nosave memory: [mem 0xfec01000-0xfedfffff]
[    0.000000] PM: Registered nosave memory: [mem 0xfee00000-0xfee00fff]
[    0.000000] PM: Registered nosave memory: [mem 0xfee01000-0xfffbffff]
[    0.000000] PM: Registered nosave memory: [mem 0xfffc0000-0xffffffff]
[    0.000000] e820: [mem 0xe0000000-0xfebfffff] available for PCI devices
[    0.000000] Booting paravirtualized kernel on KVM
[    0.000000] clocksource: refined-jiffies: mask: 0xffffffff max_cycles: 0xffffffff, max_idle_ns: 7645519600211568 ns
[    0.000000] setup_percpu: NR_CPUS:512 nr_cpumask_bits:512 nr_cpu_ids:2 nr_node_ids:1
[    0.000000] PERCPU: Embedded 34 pages/cpu @ffff88021fc00000 s99480 r8192 d31592 u1048576
[    0.000000] Built 1 zonelists in Node order, mobility grouping on.  Total pages: 2064248
[    0.000000] Policy zone: Normal
[    0.000000] Kernel command line: BOOT_IMAGE=/boot/vmlinuz-4.4.0-142-generic root=LABEL=cloudimg-rootfs ro console=tty1 console=ttyS0
[    0.000000] PID hash table entries: 4096 (order: 3, 32768 bytes)
[    0.000000] Memory: 8157000K/8388152K available (8603K kernel code, 1332K rwdata, 4004K rodata, 1484K init, 1316K bss, 231152K reserved, 0K cma-reserved)
[    0.000000] SLUB: HWalign=64, Order=0-3, MinObjects=0, CPUs=2, Nodes=1
[    0.000000] Kernel/User page tables isolation: enabled
[    0.000000] Hierarchical RCU implementation.
[    0.000000] 	Build-time adjustment of leaf fanout to 64.
[    0.000000] 	RCU restricting CPUs from NR_CPUS=512 to nr_cpu_ids=2.
[    0.000000] RCU: Adjusting geometry for rcu_fanout_leaf=64, nr_cpu_ids=2
[    0.000000] NR_IRQS:33024 nr_irqs:440 16
[    0.000000] Console: colour VGA+ 80x25
[    0.000000] console [tty1] enabled
[    0.000000] console [ttyS0] enabled
[    0.000000] tsc: Detected 2903.998 MHz processor
[    0.305968] Calibrating delay loop (skipped) preset value.. 5807.99 BogoMIPS (lpj=11615992)
[    0.308480] pid_max: default: 32768 minimum: 301
[    0.309562] ACPI: Core revision 20150930
[    0.311754] ACPI: 2 ACPI AML tables successfully acquired and loaded
[    0.314352] Security Framework initialized
[    0.315726] Yama: becoming mindful.
[    0.316956] AppArmor: AppArmor initialized
[    0.319586] Dentry cache hash table entries: 1048576 (order: 11, 8388608 bytes)
[    0.326201] Inode-cache hash table entries: 524288 (order: 10, 4194304 bytes)
[    0.330088] Mount-cache hash table entries: 16384 (order: 5, 131072 bytes)
[    0.331610] Mountpoint-cache hash table entries: 16384 (order: 5, 131072 bytes)
[    0.334747] Initializing cgroup subsys io
[    0.335663] Initializing cgroup subsys memory
[    0.336637] Initializing cgroup subsys devices
[    0.337652] Initializing cgroup subsys freezer
[    0.339764] Initializing cgroup subsys net_cls
[    0.341049] Initializing cgroup subsys perf_event
[    0.342202] Initializing cgroup subsys net_prio
[    0.343205] Initializing cgroup subsys hugetlb
[    0.344185] Initializing cgroup subsys pids
[    0.346759] mce: CPU supports 0 MCE banks
[    0.348157] Last level iTLB entries: 4KB 64, 2MB 8, 4MB 8
[    0.349319] Last level dTLB entries: 4KB 64, 2MB 0, 4MB 0, 1GB 4
[    0.350622] Spectre V2 : Mitigation: Full generic retpoline
[    0.351808] Spectre V2 : Spectre v2 / SpectreRSB mitigation: Filling RSB on context switch
[    0.353916] Speculative Store Bypass: Vulnerable
[    0.357471] Freeing SMP alternatives memory: 32K
[    0.363579] ftrace: allocating 32277 entries in 127 pages
[    0.408635] smpboot: APIC(0) Converting physical 0 to logical package 0
[    0.410402] smpboot: Max logical packages: 1
[    0.411672] x2apic enabled
[    0.412628] Switched APIC routing to physical x2apic.
[    0.414698] ..TIMER: vector=0x30 apic1=0 pin1=2 apic2=-1 pin2=-1
[    0.521116] smpboot: CPU0: Intel(R) Core(TM) i9-8950HK CPU @ 2.90GHz (family: 0x6, model: 0x9e, stepping: 0xa)
[    0.524005] Performance Events: unsupported p6 CPU model 158 no PMU driver, software events only.
[    0.533378] KVM setup paravirtual spinlock
[    0.535143] x86: Booting SMP configuration:
[    0.536186] .... node  #0, CPUs:      #1
[    0.537157] kvm-clock: cpu 1, msr 2:1ffed041, secondary cpu clock
[    0.539627] mce: CPU supports 0 MCE banks
[    0.542969] x86: Booted up 1 node, 2 CPUs
[    0.544283] smpboot: Total of 2 processors activated (11615.99 BogoMIPS)
[    0.547040] devtmpfs: initialized
[    0.549972] evm: security.selinux
[    0.551014] evm: security.SMACK64
[    0.551965] evm: security.SMACK64EXEC
[    0.553046] evm: security.SMACK64TRANSMUTE
[    0.554725] evm: security.SMACK64MMAP
[    0.556238] evm: security.ima
[    0.557278] evm: security.capability
[    0.558402] clocksource: jiffies: mask: 0xffffffff max_cycles: 0xffffffff, max_idle_ns: 7645041785100000 ns
[    0.561854] futex hash table entries: 512 (order: 3, 32768 bytes)
[    0.563603] pinctrl core: initialized pinctrl subsystem
[    0.565633] RTC time: 16:25:38, date: 02/08/19
[    0.568512] NET: Registered protocol family 16
[    0.581439] cpuidle: using governor ladder
[    0.594210] cpuidle: using governor menu
[    0.595871] PCCT header not found.
[    0.597162] ACPI: bus type PCI registered
[    0.598513] acpiphp: ACPI Hot Plug PCI Controller Driver version: 0.5
[    0.601016] PCI: Using configuration type 1 for base access
[    0.614013] ACPI: Added _OSI(Module Device)
[    0.615583] ACPI: Added _OSI(Processor Device)
[    0.617075] ACPI: Added _OSI(3.0 _SCP Extensions)
[    0.618862] ACPI: Added _OSI(Processor Aggregator Device)
[    0.621817] ACPI: Executed 1 blocks of module-level executable AML code
[    0.626034] ACPI: Interpreter enabled
[    0.627347] ACPI: (supports S0 S5)
[    0.628556] ACPI: Using IOAPIC for interrupt routing
[    0.630223] PCI: Using host bridge windows from ACPI; if necessary, use "pci=nocrs" and report a bug
[    0.637182] ACPI: PCI Root Bridge [PCI0] (domain 0000 [bus 00-ff])
[    0.639728] acpi PNP0A03:00: _OSC: OS supports [ASPM ClockPM Segments MSI]
[    0.642212] acpi PNP0A03:00: _OSC: not requesting OS control; OS requires [ExtendedConfig ASPM ClockPM MSI]
[    0.645264] acpi PNP0A03:00: fail to add MMCONFIG information, can't access extended PCI configuration space under this bridge.
[    0.649256] PCI host bridge to bus 0000:00
[    0.650415] pci_bus 0000:00: root bus resource [io  0x0000-0x0cf7 window]
[    0.652192] pci_bus 0000:00: root bus resource [io  0x0d00-0xffff window]
[    0.660952] pci_bus 0000:00: root bus resource [mem 0x000a0000-0x000bffff window]
[    0.663462] pci_bus 0000:00: root bus resource [mem 0xe0000000-0xfdffffff window]
[    0.665136] pci_bus 0000:00: root bus resource [bus 00-ff]
[    0.669312] pci 0000:00:01.1: legacy IDE quirk: reg 0x10: [io  0x01f0-0x01f7]
[    0.671405] pci 0000:00:01.1: legacy IDE quirk: reg 0x14: [io  0x03f6]
[    0.673202] pci 0000:00:01.1: legacy IDE quirk: reg 0x18: [io  0x0170-0x0177]
[    0.674748] pci 0000:00:01.1: legacy IDE quirk: reg 0x1c: [io  0x0376]
[    0.732346] pci 0000:00:07.0: quirk: [io  0x4000-0x403f] claimed by PIIX4 ACPI
[    0.734190] pci 0000:00:07.0: quirk: [io  0x4100-0x410f] claimed by PIIX4 SMB
[    0.769952] ACPI: PCI Interrupt Link [LNKA] (IRQs 5 9 10 *11)
[    0.771974] ACPI: PCI Interrupt Link [LNKB] (IRQs 5 9 *10 11)
[    0.773730] ACPI: PCI Interrupt Link [LNKC] (IRQs 5 *9 10 11)
[    0.776094] ACPI: PCI Interrupt Link [LNKD] (IRQs 5 9 10 *11)
[    0.778066] ACPI: Enabled 2 GPEs in block 00 to 07
[    0.779793] vgaarb: setting as boot device: PCI:0000:00:02.0
[    0.781475] vgaarb: device added: PCI:0000:00:02.0,decodes=io+mem,owns=io+mem,locks=none
[    0.783483] vgaarb: loaded
[    0.784313] vgaarb: bridge control possible 0000:00:02.0
[    0.785625] SCSI subsystem initialized
[    0.786878] ACPI: bus type USB registered
[    0.787846] usbcore: registered new interface driver usbfs
[    0.789026] usbcore: registered new interface driver hub
[    0.790174] usbcore: registered new device driver usb
[    0.791420] PCI: Using ACPI for IRQ routing
[    0.792811] NetLabel: Initializing
[    0.793633] NetLabel:  domain hash size = 128
[    0.794633] NetLabel:  protocols = UNLABELED CIPSOv4
[    0.795743] NetLabel:  unlabeled traffic allowed by default
[    0.797105] amd_nb: Cannot enumerate AMD northbridges
[    0.798325] clocksource: Switched to clocksource kvm-clock
[    0.805460] AppArmor: AppArmor Filesystem Enabled
[    0.806989] pnp: PnP ACPI init
[    0.808768] pnp: PnP ACPI: found 3 devices
[    0.818383] clocksource: acpi_pm: mask: 0xffffff max_cycles: 0xffffff, max_idle_ns: 2085701024 ns
[    0.821125] NET: Registered protocol family 2
[    0.822465] TCP established hash table entries: 65536 (order: 7, 524288 bytes)
[    0.826334] TCP bind hash table entries: 65536 (order: 8, 1048576 bytes)
[    0.828693] TCP: Hash tables configured (established 65536 bind 65536)
[    0.831083] UDP hash table entries: 4096 (order: 5, 131072 bytes)
[    0.833045] UDP-Lite hash table entries: 4096 (order: 5, 131072 bytes)
[    0.834533] NET: Registered protocol family 1
[    0.835667] pci 0000:00:00.0: Limiting direct PCI/PCI transfers
[    0.837105] pci 0000:00:01.0: Activating ISA DMA hang workarounds
[    0.838974] Unpacking initramfs...
[    1.007519] Freeing initrd memory: 14804K
[    1.008532] PCI-DMA: Using software bounce buffering for IO (SWIOTLB)
[    1.010009] software IO TLB [mem 0xdbff0000-0xdfff0000] (64MB) mapped at [ffff8800dbff0000-ffff8800dffeffff]
[    1.012468] platform rtc_cmos: registered platform RTC device (no PNP device found)
[    1.014342] Scanning for low memory corruption every 60 seconds
[    1.016146] audit: initializing netlink subsys (disabled)
[    1.017918] audit: type=2000 audit(1549643143.205:1): initialized
[    1.019952] Initialise system trusted keyring
[    1.021358] HugeTLB registered 2 MB page size, pre-allocated 0 pages
[    1.023927] zbud: loaded
[    1.025507] VFS: Disk quotas dquot_6.6.0
[    1.027102] VFS: Dquot-cache hash table entries: 512 (order 0, 4096 bytes)
[    1.029200] squashfs: version 4.0 (2009/01/31) Phillip Lougher
[    1.031485] fuse init (API version 7.23)
[    1.032731] Key type big_key registered
[    1.033762] Allocating IMA MOK and blacklist keyrings.
[    1.036613] Key type asymmetric registered
[    1.037901] Asymmetric key parser 'x509' registered
[    1.039673] Block layer SCSI generic (bsg) driver version 0.4 loaded (major 249)
[    1.042289] io scheduler noop registered
[    1.043561] io scheduler deadline registered (default)
[    1.045512] io scheduler cfq registered
[    1.047133] pci_hotplug: PCI Hot Plug PCI Core version: 0.5
[    1.049326] pciehp: PCI Express Hot Plug Controller Driver version: 0.4
[    1.052494] ACPI: AC Adapter [AC] (on-line)
[    1.054319] input: Power Button as /devices/LNXSYSTM:00/LNXPWRBN:00/input/input0
[    1.057482] ACPI: Power Button [PWRF]
[    1.058769] input: Sleep Button as /devices/LNXSYSTM:00/LNXSLPBN:00/input/input1
[    1.060685] ACPI: Sleep Button [SLPF]
[    1.061851] GHES: HEST is not enabled!
[    1.062841] ACPI: Battery Slot [BAT0] (battery present)
[    1.064218] Serial: 8250/16550 driver, 32 ports, IRQ sharing enabled
 	
 !"#$%&'()*+,-./0123456789:;<=>?@ABCDEFGHIJKLMNOPQRSTUVWXYZ[\]^_`abcdefghijklmnopqrstuvwxyz{|}~ÄÅÇÉÑÖÜáàâäãåçéèêëíìîïñóòôöõúùûü†°¢£§•¶ß®©™´¨≠ÆØ∞±≤≥¥µ∂∑”‘’÷◊ÿŸ⁄€‹›ﬁﬂ‡·‚„‰ÒÚÛÙıˆ˜¯˘˙˚¸˝˛ˇ[    1.088643] 00:02: ttyS0 at I/O 0x3f8 (irq = 4, base_baud = 115200) is a 16550A
[    1.093262] Linux agpgart interface v0.103
[    1.096874] loop: module loaded
[    1.098237] scsi host0: ata_piix
[    1.099447] scsi host1: ata_piix
[    1.100256] ata1: PATA max UDMA/33 cmd 0x1f0 ctl 0x3f6 bmdma 0xd000 irq 14
[    1.101986] ata2: PATA max UDMA/33 cmd 0x170 ctl 0x376 bmdma 0xd008 irq 15
[    1.103685] libphy: Fixed MDIO Bus: probed
[    1.105208] tun: Universal TUN/TAP device driver, 1.6
[    1.106550] tun: (C) 1999-2004 Max Krasnyansky <maxk@qualcomm.com>
[    1.108091] PPP generic driver version 2.4.2
[    1.109216] ehci_hcd: USB 2.0 'Enhanced' Host Controller (EHCI) Driver
[    1.110629] ehci-pci: EHCI PCI platform driver
[    1.111641] ehci-platform: EHCI generic platform driver
[    1.113141] ohci_hcd: USB 1.1 'Open' Host Controller (OHCI) Driver
[    1.115466] ohci-pci: OHCI PCI platform driver
[    1.116810] ohci-platform: OHCI generic platform driver
[    1.118337] uhci_hcd: USB Universal Host Controller Interface driver
[    1.120556] i8042: PNP: PS/2 Controller [PNP0303:PS2K,PNP0f03:PS2M] at 0x60,0x64 irq 1,12
[    1.123683] serio: i8042 KBD port at 0x60,0x64 irq 1
[    1.124951] serio: i8042 AUX port at 0x60,0x64 irq 12
[    1.126392] mousedev: PS/2 mouse device common for all mice
[    1.128242] input: AT Translated Set 2 keyboard as /devices/platform/i8042/serio0/input/input2
[    1.131188] rtc_cmos rtc_cmos: rtc core: registered rtc_cmos as rtc0
[    1.132999] rtc_cmos rtc_cmos: alarms up to one day, 114 bytes nvram
[    1.134353] i2c /dev entries driver
[    1.135246] device-mapper: uevent: version 1.0.3
[    1.136340] device-mapper: ioctl: 4.34.0-ioctl (2015-10-28) initialised: dm-devel@redhat.com
[    1.138277] ledtrig-cpu: registered to indicate activity on CPUs
[    1.140142] NET: Registered protocol family 10
[    1.141316] NET: Registered protocol family 17
[    1.142458] Key type dns_resolver registered
[    1.143763] registered taskstats version 1
[    1.145313] Loading compiled-in X.509 certificates
[    1.147199] Loaded X.509 cert 'Build time autogenerated kernel key: bff73e56bc0efa7435b2a24f5427674623f1be80'
[    1.149364] zswap: loaded using pool lzo/zbud
[    1.152533] Key type trusted registered
[    1.156077] Key type encrypted registered
[    1.157017] AppArmor: AppArmor sha1 policy hashing enabled
[    1.158225] ima: No TPM chip found, activating TPM-bypass!
[    1.159518] ima: Allocated hash algorithm: sha1
[    1.160707] evm: HMAC attrs: 0x1
[    1.162473]   Magic number: 7:646:438
[    1.163515] rtc_cmos rtc_cmos: setting system clock to 2019-02-08 16:25:38 UTC (1549643138)
[    1.165855] BIOS EDD facility v0.16 2004-Jun-25, 0 devices found
[    1.167434] EDD information not available.
[    1.259762] Freeing unused kernel memory: 1484K
[    1.261525] Write protecting the kernel read-only data: 14336k
[    1.263882] Freeing unused kernel memory: 1624K
[    1.265490] Freeing unused kernel memory: 92K
Loading, please wait...
starting version 229
[    1.279160] random: systemd-udevd: uninitialized urandom read (16 bytes read, 3 bits of entropy available)
[    1.279777] random: udevadm: uninitialized urandom read (16 bytes read, 3 bits of entropy available)
[    1.279794] random: udevadm: uninitialized urandom read (16 bytes read, 3 bits of entropy available)
[    1.287349] random: udevadm: uninitialized urandom read (16 bytes read, 3 bits of entropy available)
[    1.287382] random: udevadm: uninitialized urandom read (16 bytes read, 3 bits of entropy available)
[    1.287520] random: udevadm: uninitialized urandom read (16 bytes read, 3 bits of entropy available)
[    1.287558] random: udevadm: uninitialized urandom read (16 bytes read, 3 bits of entropy available)
[    1.287596] random: udevadm: uninitialized urandom read (16 bytes read, 3 bits of entropy available)
[    1.287632] random: udevadm: uninitialized urandom read (16 bytes read, 3 bits of entropy available)
[    1.287667] random: udevadm: uninitialized urandom read (16 bytes read, 3 bits of entropy available)
[    1.333292] e1000: Intel(R) PRO/1000 Network Driver - version 7.3.21-k8-NAPI
[    1.335708] e1000: Copyright (c) 1999-2006 Intel Corporation.
[    1.335742] Fusion MPT base driver 3.04.20
[    1.335742] Copyright (c) 1999-2008 LSI Corporation
[    1.346635] Fusion MPT SPI Host driver 3.04.20
[    1.367135] AVX2 version of gcm_enc/dec engaged.
[    1.368482] AES CTR mode by8 optimization enabled
[    1.552419] input: ImExPS/2 Generic Explorer Mouse as /devices/platform/i8042/serio1/input/input4
[    1.736473] e1000 0000:00:03.0 eth0: (PCI:33MHz:32-bit) 02:82:01:2e:28:d8
[    1.739150] e1000 0000:00:03.0 eth0: Intel(R) PRO/1000 Network Connection
[    1.742125] mptbase: ioc0: Initiating bringup
[    1.806897] ioc0: LSI53C1030 A0: Capabilities={Initiator}
[    1.969915] scsi host2: ioc0: LSI53C1030 A0, FwRev=00000000h, Ports=1, MaxQ=256, IRQ=20
[    2.011139] tsc: Refined TSC clocksource calibration: 2905.000 MHz
[    2.013167] clocksource: tsc: mask: 0xffffffffffffffff max_cycles: 0x29dfb658a6c, max_idle_ns: 440795341192 ns
[    2.086940] scsi 2:0:0:0: Direct-Access     VBOX     HARDDISK         1.0  PQ: 0 ANSI: 5
[    2.090702] scsi target2:0:0: Beginning Domain Validation
[    2.097696] scsi target2:0:0: Domain Validation skipping write tests
[    2.100038] scsi target2:0:0: Ending Domain Validation
[    2.101836] scsi target2:0:0: asynchronous
[    2.104476] scsi 2:0:1:0: Direct-Access     VBOX     HARDDISK         1.0  PQ: 0 ANSI: 5
[    2.107385] scsi target2:0:1: Beginning Domain Validation
[    2.112060] scsi target2:0:1: Domain Validation skipping write tests
[    2.114462] scsi target2:0:1: Ending Domain Validation
[    2.116265] scsi target2:0:1: asynchronous
[    2.183026] sd 2:0:0:0: Attached scsi generic sg0 type 0
[    2.185069] sd 2:0:0:0: [sda] 20971520 512-byte logical blocks: (10.7 GB/10.0 GiB)
[    2.187863] sd 2:0:1:0: Attached scsi generic sg1 type 0
[    2.190422] sd 2:0:0:0: [sda] Write Protect is off
[    2.192288] sd 2:0:1:0: [sdb] 20480 512-byte logical blocks: (10.5 MB/10.0 MiB)
[    2.194849] sd 2:0:0:0: [sda] Incomplete mode parameter data
[    2.196742] sd 2:0:0:0: [sda] Assuming drive cache: write through
[    2.198966] sd 2:0:1:0: [sdb] Write Protect is off
[    2.200681] sd 2:0:1:0: [sdb] Incomplete mode parameter data
[    2.202511] sd 2:0:1:0: [sdb] Assuming drive cache: write through
[    2.204694]  sda: sda1
[    2.206069] sd 2:0:0:0: [sda] Attached SCSI disk
[    2.207952] sd 2:0:1:0: [sdb] Attached SCSI disk
[    2.507135] e1000 0000:00:08.0 eth1: (PCI:33MHz:32-bit) 08:00:27:d9:48:65
[    2.509068] e1000 0000:00:08.0 eth1: Intel(R) PRO/1000 Network Connection
[    2.512139] e1000 0000:00:03.0 enp0s3: renamed from eth0
[    2.523004] e1000 0000:00:08.0 enp0s8: renamed from eth1
Begin: Loading essential drivers ... [    3.760453] md: linear personality registered for level -1
[    3.764672] md: multipath personality registered for level -4
[    3.768356] md: raid0 personality registered for level 0
[    3.773450] md: raid1 personality registered for level 1
[    3.842848] raid6: sse2x1   gen() 12453 MB/s
[    3.910454] raid6: sse2x1   xor() 10244 MB/s
[    3.984343] raid6: sse2x2   gen() 17910 MB/s
[    4.050661] raid6: sse2x2   xor() 12684 MB/s
[    4.118646] raid6: sse2x4   gen() 20882 MB/s
[    4.186517] raid6: sse2x4   xor() 13458 MB/s
[    4.254340] raid6: avx2x1   gen() 29228 MB/s
[    4.322654] raid6: avx2x2   gen() 31380 MB/s
[    4.390746] raid6: avx2x4   gen() 27616 MB/s
[    4.392579] raid6: using algorithm avx2x2 gen() 31380 MB/s
[    4.393907] raid6: using avx2x2 recovery algorithm
[    4.396587] xor: automatically using best checksumming function:
[    4.438512]    avx       : 32393.000 MB/sec
[    4.440715] async_tx: api initialized (async)
[    4.451061] md: raid6 personality registered for level 6
[    4.452513] md: raid5 personality registered for level 5
[    4.453992] md: raid4 personality registered for level 4
[    4.460055] md: raid10 personality registered for level 10
done.
Begin: Running /scripts/init-premount ... done.
Begin: Mounting root file system ... Begin: Running /scripts/local-top ... done.
Begin: Running /scripts/local-premount ... [    4.483328] Btrfs loaded
Scanning for Btrfs filesystems
done.
Warning: fsck not present, so skipping root file system
[    4.500912] EXT4-fs (sda1): mounted filesystem with ordered data mode. Opts: (null)
done.
Begin: Running /scripts/local-bottom ... done.
Begin: Running /scripts/init-bottom ... done.
[    4.556467] systemd[1]: systemd 229 running in system mode. (+PAM +AUDIT +SELINUX +IMA +APPARMOR +SMACK +SYSVINIT +UTMP +LIBCRYPTSETUP +GCRYPT +GNUTLS +ACL +XZ -LZ4 +SECCOMP +BLKID +ELFUTILS +KMOD -IDN)
[    4.561539] systemd[1]: Detected virtualization oracle.
[    4.562966] systemd[1]: Detected architecture x86-64.

Welcome to [1mUbuntu 16.04.5 LTS[0m!

[    4.566673] systemd[1]: Set hostname to <ubuntu>.
[    4.569152] systemd[1]: Initializing machine ID from random generator.
[    4.571057] systemd[1]: Installed transient /etc/machine-id file.
[    4.668580] systemd[1]: Listening on Device-mapper event daemon FIFOs.
[[0;32m  OK  [0m] Listening on Device-mapper event daemon FIFOs.
[    4.671522] systemd[1]: Listening on udev Control Socket.
[[0;32m  OK  [0m] Listening on udev Control Socket.
[    4.673884] systemd[1]: Reached target User and Group Name Lookups.
[[0;32m  OK  [0m] Reached target User and Group Name Lookups.
[    5.020960] systemd[1]: Listening on LVM2 metadata daemon socket.
[[0;32m  OK  [0m] Listening on LVM2 metadata daemon socket.
[    5.024277] systemd[1]: Listening on /dev/initctl Compatibility Named Pipe.
[[0;32m  OK  [0m] Listening on /dev/initctl Compatibility Named Pipe.
[    5.035516] systemd[1]: Created slice User and Session Slice.
[[0;32m  OK  [0m] Created slice User and Session Slice.
[    5.236461] systemd[1]: Created slice System Slice.
[[0;32m  OK  [0m] Created slice System Slice.
[    5.246967] systemd[1]: Created slice system-serial\x2dgetty.slice.
[[0;32m  OK  [0m] Created slice system-serial\x2dgetty.slice.
[    5.255855] systemd[1]: Listening on Journal Audit Socket.
[[0;32m  OK  [0m] Listening on Journal Audit Socket.
[    5.473956] systemd[1]: Reached target Slices.
[[0;32m  OK  [0m] Reached target Slices.
[    5.477075] systemd[1]: Listening on LVM2 poll daemon socket.
[[0;32m  OK  [0m] Listening on LVM2 poll daemon socket.
[    5.480889] systemd[1]: Listening on Syslog Socket.
[[0;32m  OK  [0m] Listening on Syslog Socket.
[    5.483749] systemd[1]: Reached target System Time Synchronized.
[[0;32m  OK  [0m] Reached target System Time Synchronized.
[    5.486793] systemd[1]: Started Forward Password Requests to Wall Directory Watch.
[[0;32m  OK  [0m] Started Forward Password Requests to Wall Directory Watch.
[    5.491166] systemd[1]: Started Trigger resolvconf update for networkd DNS.
[[0;32m  OK  [0m] Started Trigger resolvconf update for networkd DNS.
[    5.494536] systemd[1]: Listening on udev Kernel Socket.
[[0;32m  OK  [0m] Listening on udev Kernel Socket.
[    5.505643] systemd[1]: Reached target Encrypted Volumes.
[[0;32m  OK  [0m] Reached target Encrypted Volumes.
[    5.508614] systemd[1]: Set up automount Arbitrary Executable File Formats File System Automount Point.
[[0;32m  OK  [0m] Set up automount Arbitrary Executab...ats File System Automount Point.
[    5.513044] systemd[1]: Reached target Swap.
[[0;32m  OK  [0m] Reached target Swap.
[    5.515573] systemd[1]: Listening on Journal Socket.
[[0;32m  OK  [0m] Listening on Journal Socket.
[    5.527663] systemd[1]: Starting Set console keymap...
         Starting Set console keymap...
[    5.533464] systemd[1]: Mounting Debug File System...
         Mounting Debug File System...
[    5.543613] systemd[1]: Mounting Huge Pages File System...
         Mounting Huge Pages File System...
[    5.556894] systemd[1]: Starting Monitoring of LVM2 mirrors, snapshots etc. using dmeventd or progress polling...
         Starting Monitoring of LVM2 mirrors... dmeventd or progress polling...
[    5.562674] systemd[1]: Starting Nameserver information manager...
         Starting Nameserver information manager...
[    5.566538] systemd[1]: Starting Remount Root and Kernel File Systems...
         Starting Remount Root and Kernel File Systems...
[    5.570071] systemd[1]: Starting Uncomplicated firewall...

    5.573612] EXT4-fs (sda1): re-mounted. Opts: (null)
         Starting Uncomplicated firewall...
[    5.577241] systemd[1]: Starting Create list of required static device nodes for the current kernel...
         Starting Create list of required st... nodes for the current kernel...
[    5.582497] systemd[1]: Starting Load Kernel Modules...
         Starting Load Kernel Modules...
[    5.585979] systemd[1]: Mounting POSIX Message Queue File System...
         Mounting POSIX Message Queue File System...
[    5.589148] systemd[1]: Listening on Journal Socket (/dev/log).
[[0;32m  OK  [0m] Listening on Journal Socket (/dev/log).
[    5.593786] Loading iSCSI transport class v2.0-870.
[    5.599084] systemd[1]: Starting Journal Service...
[    5.600842] iscsi: registered transport (tcp)
         Starting Journal Service...
[    5.603776] systemd[1]: Mounted Huge Pages File System.
[[0;32m  OK  [0m] Mounted Huge Pages File System.
[    5.606914] systemd[1]: Mounted POSIX Message Queue File System.
[[0;32m  OK  [0m] Mounted POSIX Message Queue File System.
[    5.610239] systemd[1]: Mounted Debug File System.
[[0;32m  OK  [0m] Mounted Debug File System.
[    5.612695] systemd[1]: Started Set console keymap.
[[0;32m  OK  [0m] Started Set console keymap.
[    5.617369] systemd[1]: Started Remount Root and Kernel File Systems.
[[0;32m  OK  [0m] Started Remount Root and Kernel File Systems.
[    5.620808] systemd[1]: Started Uncomplicated firewall.
[[0;32m  OK  [0m] Started Uncomplicated firewall.
[    5.630919] systemd[1]: Started Create list of required static device nodes for the current kernel.
[[0;32m  OK  [0m] Started Create list of required sta...ce nodes for the current kernel.
[    5.634640] systemd[1]: Started Nameserver information manager.
[[0;32m  OK  [0m] Started Nameserver information manager.
[    5.638104] systemd[1]: Started Journal Service.
[[0;32m  OK  [0m] Started Journal Service.
[    5.646281] iscsi: registered transport (iser)
[[0;32m  OK  [0m] Started Load Kernel Modules.
[[0;32m  OK  [0m] Started LVM2 metadata daemon.
         Starting Apply Kernel Variables...
         Mounting FUSE Control File System...
         Starting Create Static Device Nodes in /dev...
         Starting udev Coldplug all Devices...
         Starting Load/Save Random Seed...
         Starting Flush Journal to Persistent Storage...
[[0;32m  OK  [0m] Mounted FUSE Control File System.
[[0;32m  OK  [0m] Started Apply Kernel Variables.
[[0;32m  OK  [0m] Started Create Static Device Nodes in /dev.
[[0;32m  OK  [0m] Started Load/Save Random Seed.
[[0;32m  OK  [0m] Started Flush Journal to Persistent Storage.
[[0;32m  OK  [0m] Started udev Coldplug all Devices.
         Starting udev Kernel Device Manager...
[[0;32m  OK  [0m] Started udev Kernel Device Manager.
[[0;32m  OK  [0m] Started Dispatch Password Requests to Console Directory Watch.
[[0;32m  OK  [0m] Found device /dev/ttyS0.
[[0;32m  OK  [0m] Listening on Load/Save RF Kill Switch Status /dev/rfkill Watch.
[[0;32m  OK  [0m] Started Monitoring of LVM2 mirrors,...ng dmeventd or progress polling.
[[0;32m  OK  [0m] Reached target Local File Systems (Pre).
[[0;32m  OK  [0m] Reached target Local File Systems.
         Starting Initial cloud-init job (pre-networking)...
         Starting LSB: AppArmor initialization...
         Starting Set console font and keymap...
         Starting Tell Plymouth To Write Out Runtime Data...
         Starting Create Volatile Files and Directories...
         Starting Commit a transient machine-id on disk...
[[0;32m  OK  [0m] Started Create Volatile Files and Directories.
[[0;32m  OK  [0m] Started Tell Plymouth To Write Out Runtime Data.
[[0;32m  OK  [0m] Started Commit a transient machine-id on disk.
         Starting Update UTMP about System Boot/Shutdown...
[[0;32m  OK  [0m] Started Update UTMP about System Boot/Shutdown.
[[0;32m  OK  [0m] Started Set console font and keymap.
[[0;32m  OK  [0m] Created slice system-getty.slice.
[    6.340848] cloud-init[596]: Cloud-init v. 18.4-0ubuntu1~16.04.2 running 'init-local' at Fri, 08 Feb 2019 16:25:43 +0000. Up 6.06 seconds.
[[0;32m  OK  [0m] Started Initial cloud-init job (pre-networking).
[[0;32m  OK  [0m] Reached target Network (Pre).
[[0;32m  OK  [0m] Started LSB: AppArmor initialization.
         Starting Raise network interfaces...
[[0;32m  OK  [0m] Started Raise network interfaces.
[[0;32m  OK  [0m] Reached target Network.
         Starting Initial cloud-init job (metadata service crawler)...
[    7.170299] cloud-init[943]: Cloud-init v. 18.4-0ubuntu1~16.04.2 running 'init' at Fri, 08 Feb 2019 16:25:44 +0000. Up 6.84 seconds.
[    7.180625] cloud-init[943]: ci-info: ++++++++++++++++++++++++++++++++++++++Net device info++++++++++++++++++++++++++++++++++++++
[    7.182285] cloud-init[943]: ci-info: +--------+-------+---------------------------+---------------+--------+-------------------+
[    7.183600] cloud-init[943]: ci-info: | Device |   Up  |          Address          |      Mask     | Scope  |     Hw-Address    |
[    7.196417] cloud-init[943]: ci-info: +--------+-------+---------------------------+---------------+--------+-------------------+
[    7.208409] cloud-init[943]: ci-info: | enp0s3 |  True |         10.0.2.15         | 255.255.255.0 | global | 02:82:01:2e:28:d8 |
[    7.211871] cloud-init[943]: ci-info: | enp0s3 |  True | fe80::82:1ff:fe2e:28d8/64 |       .       |  link  | 02:82:01:2e:28:d8 |
[    7.215612] cloud-init[943]: ci-info: | enp0s8 | False |             .             |       .       |   .    | 08:00:27:d9:48:65 |
[    7.219251] cloud-init[943]: ci-info: |   lo   |  True |         127.0.0.1         |   255.0.0.0   |  host  |         .         |
[    7.222746] cloud-init[943]: ci-info: |   lo   |  True |          ::1/128          |       .       |  host  |         .         |
[[0;32m  OK  [0m] Started Initial cloud-init job (metadata service crawler).
[[0;32m  OK  [0m] Reached target Cloud-config availability.
[[0;32m  OK  [0m] Reached target Network is Online.
[    7.227268] cloud-init[943]: ci-info: +--------+-------+---------------------------+---------------+--------+-------------------+
[    7.237677] cloud-init[943]: ci-info: +++++++++++++++++++++++++++Route IPv4 info++++++++++++++++++++++++++++
[    7.241601] cloud-init[943]: ci-info: +-------+-------------+----------+---------------+-----------+-------+
[    7.244672]          Starting iSCSI initiator daemon (iscsid)...
cloud-init[[0;32m  OK  [0m] Reached target System Initialization.
[943]: [[0;32m  OK  [0m] Listening on ACPID Listen Socket.
[[0;32m  OK  [0m] Started Daily apt download activities.
[[0;32m  OK  [0m] Started Daily apt upgrade and clean activities.
ci-info: | Route | Destination | Gateway  |    Genmask    | Interface | Flags |
[    7.257035] [[0;32m  OK  [0m] Started ACPI Events Check.
cloud-init[[0;32m  OK  [0m] Reached target Paths.
[943]: ci-info: +-------+-------------+----------+---------------+-----------+-------+
         Starting LXD - unix socket.
[[0;32m  OK  [0m] Listening on D-Bus System Message Bus Socket.
[    7.262850]          Starting Socket activation for snappy daemon.
cloud-init[[0;32m  OK  [0m] Listening on UUID daemon activation socket.
[943]: [[0;32m  OK  [0m] Started Daily Cleanup of Temporary Directories.
ci-info: |   0   |   0.0.0.0   | 10.0.2.2 |    0.0.0.0    |   enp0s3  |   UG  |[[0;32m  OK  [0m] Reached target Timers.

[    7.271680] cloud-init[943]: ci-info: |   1   |   10.0.2.0  | 0.0.0.0  | 255.255.255.0 |   enp0s3  |   U   |
[    7.274854] cloud-init[943]: ci-info: +-------+-------------+----------+---------------+-----------+-------+
[    7.277177] cloud-init[943]: ci-info: +++++++++++++++++++Route IPv6 info+++++++++++++++++++
[    7.278957] cloud-init[943]: ci-info: +-------+-------------+---------+-----------+-------+
[    7.288597] [[0;32m  OK  [0m] Listening on LXD - unix socket.
cloud-init[[0;32m  OK  [0m] Listening on Socket activation for snappy daemon.
[943]: ci-info: | Route | Destination | Gateway | Interface | Flags |
[[0;32m  OK  [0m] Started iSCSI initiator daemon (iscsid).
[    7.295605] cloud-init[943]: ci-info: +-------+-------------+---------+-----------+-------+
[    7.308338] cloud-init[943]: ci-info: |   0   |  fe80::/64  |    ::   |   enp0s3  |   U   |
         Starting Login to default iSCSI targets...
[[0;32m  OK  [0m] Reached target Sockets.
[[0;32m  OK  [0m] Reached target Basic System.
[    7.320542] cloud-init[943]: ci-info: |   3   |   ff00::/8  |    ::   |   enp0s3  |   U   |
[    7.349758] cloud-init[943]: ci-info: +-------+-------------+---------+-----------+-------+
[    7.350749] cloud-init[943]: Generating public/private rsa key pair.
[    7.351725] cloud-init[943]: Your identification has been saved in /etc/ssh/ssh_host_rsa_key.
[    7.352828] cloud-init[943]: Your public key has been saved in /etc/ssh/ssh_host_rsa_key.pub.
[    7.354072] cloud-init[943]: The key fingerprint is:
[    7.360380] cloud-init[943]: SHA256:WGB0Uu9dXfbhWiawSxl8AfmEUuBOG5W7TJlCXZF2OsA root@ubuntu-xenial
[    7.372131] [cloud-init[0;32m  OK  [0m[943]: ] The key's randomart image is:Started Regular background program processing daemon.

[    7.373827] cloud-init[943]: +---[RSA 2048]----+
[    7.374617] cloud-init[943]: |     .=.o.***++.o|
[    7.375606] cloud-init[943]: |     . +.+.E==.++|
         Starting LSB: MD monitoring daemon...
[    7.379327] cloud-init[943]: |        o+o+X.++o|
[    7.385795] cloud-init[943]: |       ooo+*.==  |
[    7.386743] cloud-init[943]: |      . So=.o..  |
[    7.389526] cloud-init[943]: |           o     |
[    7.389800] cloud-init[943]: |                 |
         Starting Pollinate to seed the pseudo random number generator...
[    7.389890] cloud-init[943]: |                 |
[    7.401529] cloud-init[943]: |                 |
[    7.402759] cloud-init[943]: +----[SHA256]-----+
[[0;32m  OK  [0m] Started FUSE filesystem for LXC.
         Starting Virtualbox guest utils...
[    7.413158] cloud-init[943]: Generating public/private dsa key pair.
[    7.424783] cloud-init[943]: Your identification has been saved in /etc/ssh/ssh_host_dsa_key.
[    7.426392] cloud-init[943]: Your public key has been saved in /etc/ssh/ssh_host_dsa_key.pub.
[    7.432139] cloud-init[943]: The key fingerprint is:
[    7.432340] cloud-init[943]: SHA256:XCh9yvd+xWZQJZJsbnc67EMpTMyFPiopLijzRIe1S1c root@ubuntu-xenial
[    7.433192] cloud-init[943]: The key's randomart image is:
[    7.433755] cloud-init[943]: +---[DSA 1024]----+
[    7.434307] cloud-init[943]: |           ..o. o|
[    7.435105] cloud-init[943]: |       . .  =....|
[    7.435617] cloud-init[943]: |    . . E o* . . |
[[0;32m  OK  [0m] Started ACPI event daemon.
[    7.436796] cloud-init[943]: |   o . = +  O o .|
         [    7.441415] cloud-init[943]: |  o + . S..= + * |
Starting /etc/rc.local Compatibility...[    7.442030] cloud-init[943]: | . o o. o...o * =|

[    7.443533]          Starting Login Service...
cloud-init[[0;32m  OK  [0m] Started Unattended Upgrades Shutdown.
[943]:          Starting LSB: Record successful boot for GRUB...
|  .... . .  .+ = |         Starting Accounts Service...

[[0;32m  OK  [0m] Started D-Bus System Message Bus.
[    7.454874] cloud-init[943]: |o.. . .    .  +  |
[    7.464734] cloud-init[943]: | +.  .      .. . |
         Starting Snappy daemon...
         Starting System Logging Service...
         Starting LXD - container startup/shutdown...
[[0;32m  OK  [0m] Started Deferred execution scheduler.
[[0;32m  OK  [0m] Started /etc/rc.local Compatibility.
[    7.466119] cloud-init[943]: +----[SHA256]-----+
[[0;32m  OK  [0m] Started System Logging Service.
[    7.518654] cloud-init[943]: Generating public/private ecdsa key pair.[[0;32m  OK  [0m] Started LSB: MD monitoring daemon.

[    7.530189] cloud-init[943]: Your identification has been saved in /etc/ssh/ssh_host_ecdsa_key.
[    7.532227] cloud-init[943]: Your public key has been saved in /etc/ssh/ssh_host_ecdsa_key.pub.
[    7.537546] cloud-init[943]: The key fingerprint is:
[    7.541041] cloud-init[943]: SHA256:RwcVkze7SjzvK7QAjouD8rmZ/Wh8aMbGie/PuE/7vCA root@ubuntu-xenial
[[0;32m  OK  [0m] Started Login Service.
         Starting Authenticate and Authorize Users to Run Privileged Tasks...
[[0;32m  OK  [0m] Started Login to default iSCSI targets.
[[0;32m  OK  [0m] Reached target Remote File Systems (Pre).
[[0;32m  OK  [0m] Reached target Remote File Systems.
         Starting LSB: Set the CPU Frequency Scaling governor to "ondemand"...
         Starting LSB: daemon to balance interrupts for SMP systems...
         Starting LSB: automatic crash report generation...
         Starting Permit User Sessions...
[    7.563977] cloud-init[943]: The key's randomart image is:
[    7.565363] cloud-init[943]: +---[ECDSA 256]---+
[[0;32m  OK  [0m] Started LSB: Record successful boot for GRUB.
[[0;32m  OK  [0m] Started Permit User Sessions.
[    7.573758] cloud-init[943]: |          ..+o   |
[    7.587447] cloud-init[943]: |           ...o  |
[    7.588547] cloud-init[943]: |          . .. o |
[    7.595087] cloud-init[943]: |        .. .  .  |
[    7.598157] cloud-init[943]: |       oS...   . |
[    7.599567] cloud-init[943]: |      . ... = .  |
[    7.601605] cloud-init[943]: |   *E+o.   + =   |
[    7.603021] cloud-init[943]: |. o=&*o+    + .  |
[    7.616844]          cloud-initStarting Hold until boot process finishes up...[943]: 
| o*OBB*.+.   oo. |
[    7.618868]          Starting Terminate Plymouth Boot Screen...
cloud-init[943]: +----[SHA256]-----+
[    7.620699] [[0;32m  OK  [0m] Started LXD - container startup/shutdown.
cloud-init[[0;32m  OK  [0m] Started LSB: Set the CPU Frequency Scaling governor to "ondemand".
[943]: [[0;32m  OK  [0m] Started LSB: daemon to balance interrupts for SMP systems.
Generating public/private ed25519 key pair.[[0;32m  OK  [0m] Started Hold until boot process finishes up.

[[0;32m  OK  [0m] Started Authenticate and Authorize Users to Run Privileged Tasks.
[    7.630189] cloud-init[943]: Your identification has been saved in /etc/ssh/ssh_host_ed25519_key.
[    7.644363] [[0;32m  OK  [0m] Started Terminate Plymouth Boot Screen.
cloud-init[[0;32m  OK  [0m] Started Virtualbox guest utils.
[943]: [[0;32m  OK  [0m] Started LSB: automatic crash report generation.
Your public key has been saved in /etc/ssh/ssh_host_ed25519_key.pub.[[0;32m  OK  [0m] Started Accounts Service.

[    7.654280] cloud-init[943]: The key fingerprint is:
[    7.656321] cloud-init[943]: SHA256:9OcyMx4uWeZ5a5cR92oflhcaKJRcN00U5n7g62VSUng root@ubuntu-xenial
[    7.658613] cloud-init[943]: The key's randomart image is:
[[0;32m  OK  [0m] Started Getty on tty1.
[    7.660073] [[0;32m  OK  [0m] Started Serial Getty on ttyS0.
cloud-init[[0;32m  OK  [0m] Reached target Login Prompts.
[943]:          Starting Set console scheme...
+--[ED25519 256]--+[[0;32m  OK  [0m] Started Set console scheme.

[    7.667487] cloud-init[943]: |           . o+=.|
[    7.670887] cloud-init[943]: |        . o . +o |
[    7.672491] cloud-init[943]: |        .+    o.E|
[    7.680871] cloud-init[943]: |       ...  ..o+.|
[    7.683798] cloud-init[943]: |        S.....o=+|
[    7.692625] cloud-init[943]: |          +o  ++=|
[    7.700641] cloud-init[943]: |         =*...oB+|
[    7.708713] cloud-init[943]: |        ooo*o.*+o|
[    7.709538] cloud-init[943]: |         .oo.+...|
[    7.716597] cloud-init[943]: +----[SHA256]-----+
[[0;32m  OK  [0m] Started Snappy daemon.
         Starting Wait until snapd is fully seeded...
[[0;32m  OK  [0m] Started Pollinate to seed the pseudo random number generator.
         Starting OpenBSD Secure Shell server...
[[0;32m  OK  [0m] Started OpenBSD Secure Shell server.
[[0;32m  OK  [0m] Started Wait until snapd is fully seeded.
[[0;32m  OK  [0m] Reached target Multi-User System.
[[0;32m  OK  [0m] Reached target Graphical Interface.
         Starting Update UTMP about System Runlevel Changes...
         Starting Apply the settings specified in cloud-config...
[[0;32m  OK  [0m] Started Update UTMP about System Runlevel Changes.
[   10.585091] cloud-init[1268]: Generating locales (this might take a while)...
[   11.174110] cloud-init[1268]:   en_US.UTF-8... done
[   11.175315] cloud-init[1268]: Generation complete.
[   11.362363] cloud-init[1268]: Cloud-init v. 18.4-0ubuntu1~16.04.2 running 'modules:config' at Fri, 08 Feb 2019 16:25:48 +0000. Up 10.52 seconds.
[[0;32m  OK  [0m] Started Apply the settings specified in cloud-config.
         Starting Execute cloud user/final scripts...
ci-info: no authorized ssh keys fingerprints found for user ubuntu.
<14>Feb  8 16:25:49 ec2: 
<14>Feb  8 16:25:49 ec2: #############################################################
<14>Feb  8 16:25:49 ec2: -----BEGIN SSH HOST KEY FINGERPRINTS-----
<14>Feb  8 16:25:49 ec2: 1024 SHA256:XCh9yvd+xWZQJZJsbnc67EMpTMyFPiopLijzRIe1S1c root@ubuntu-xenial (DSA)
<14>Feb  8 16:25:49 ec2: 256 SHA256:RwcVkze7SjzvK7QAjouD8rmZ/Wh8aMbGie/PuE/7vCA root@ubuntu-xenial (ECDSA)
<14>Feb  8 16:25:49 ec2: 256 SHA256:9OcyMx4uWeZ5a5cR92oflhcaKJRcN00U5n7g62VSUng root@ubuntu-xenial (ED25519)
<14>Feb  8 16:25:49 ec2: 2048 SHA256:WGB0Uu9dXfbhWiawSxl8AfmEUuBOG5W7TJlCXZF2OsA root@ubuntu-xenial (RSA)
<14>Feb  8 16:25:49 ec2: -----END SSH HOST KEY FINGERPRINTS-----
<14>Feb  8 16:25:49 ec2: #############################################################
-----BEGIN SSH HOST KEY KEYS-----
ecdsa-sha2-nistp256 AAAAE2VjZHNhLXNoYTItbmlzdHAyNTYAAAAIbmlzdHAyNTYAAABBBHSzW0+EydsaWL0b8UHyqFba4T7pv3LSjbr0/QHNfpSsopgkIWiT5U79Qav+qGxRJsU4+lmuSElX2VyWg5VF3ik= root@ubuntu-xenial
ssh-ed25519 AAAAC3NzaC1lZDI1NTE5AAAAIOWur5D6dufOxsOn3e+FRCkHFjt35+r1CAs6FRMrAwY5 root@ubuntu-xenial
ssh-rsa AAAAB3NzaC1yc2EAAAADAQABAAABAQDGBy1dSjEOli1nXDxbEQV4VQ83TeLbE5SC8ezXQHD1g+oOAxoPPubuGw1TL2qzJIfRhXiUhtSx83YrBk6MBTdse4PybL6v3nm5UJa4pevPoyi4GjERq/J9xvaBzN/ueoWdMG+2t8FbIKs0mrHJLEvf6Whre61wvlaA7lyWsSeAyzSZoh1Rv44vU71jZk50IO5tBKywh4zfLKX+crFRbsJHSKokjPMk7GFbDRmXcQ+A0m2i5ZUG14y9ryQNiXJ8sNeg3q1ii1YDZWkl27kZ3Ol5uyNt4Ge0bG7bcknndLM2b+XUMJ97+djp3F3H7Lsu3G99lsj/POX69pa/WHj28UAL root@ubuntu-xenial
-----END SSH HOST KEY KEYS-----
[   11.750339] cloud-init[1309]: Cloud-init v. 18.4-0ubuntu1~16.04.2 running 'modules:final' at Fri, 08 Feb 2019 16:25:49 +0000. Up 11.60 seconds.
[   11.753157] cloud-init[1309]: ci-info: no authorized ssh keys fingerprints found for user ubuntu.
[   11.760507] cloud-init[1309]: Cloud-init v. 18.4-0ubuntu1~16.04.2 finished at Fri, 08 Feb 2019 16:25:49 +0000. Datasource DataSourceNoCloud [seed=/dev/sdb][dsmode=net].  Up 11.74 seconds
[[0;32m  OK  [0m] Started Execute cloud user/final scripts.
[[0;32m  OK  [0m] Reached target Cloud-init target.

Ubuntu 16.04.5 LTS ubuntu-xenial ttyS0

ubuntu-xenial login: 